// Jest Snapshot v1, https://goo.gl/fbAQLP

exports[`Card test should match its snap shot 1`] = `undefined`;
