// Jest Snapshot v1, https://goo.gl/fbAQLP

exports[`App test should match its snap shot 1`] = `undefined`;
